// Jest Snapshot v1, https://goo.gl/fbAQLP

exports[`renders correctly 1`] = `
<View
  style={
    Object {
      "alignItems": "center",
      "height": "100%",
      "justifyContent": "flex-start",
    }
  }
>
  <View
    style={
      Object {
        "alignItems": "center",
        "backgroundColor": "#FAFAFA",
        "flexDirection": "row",
        "height": 50,
        "justifyContent": "space-around",
        "paddingHorizontal": 20,
        "width": "100%",
      }
    }
  >
    <View
      accessible={true}
      focusable={true}
      onClick={[Function]}
      onResponderGrant={[Function]}
      onResponderMove={[Function]}
      onResponderRelease={[Function]}
      onResponderTerminate={[Function]}
      onResponderTerminationRequest={[Function]}
      onStartShouldSetResponder={[Function]}
      style={
        Object {
          "alignItems": "center",
          "backgroundColor": "#16AA16",
          "borderColor": "#16AA16",
          "borderRadius": 2,
          "borderWidth": 1,
          "height": "60%",
          "justifyContent": "center",
          "opacity": 1,
          "width": "50%",
        }
      }
      testID="filtering-0"
    >
      <Text
        style={
          Array [
            Object {
              "color": "#16AA16",
            },
            Object {
              "color": "#FFFFFF",
            },
          ]
        }
      >
        All
      </Text>
    </View>
    <View
      accessible={true}
      focusable={true}
      onClick={[Function]}
      onResponderGrant={[Function]}
      onResponderMove={[Function]}
      onResponderRelease={[Function]}
      onResponderTerminate={[Function]}
      onResponderTerminationRequest={[Function]}
      onStartShouldSetResponder={[Function]}
      style={
        Object {
          "alignItems": "center",
          "borderColor": "#16AA16",
          "borderRadius": 2,
          "borderWidth": 1,
          "height": "60%",
          "justifyContent": "center",
          "opacity": 1,
          "width": "50%",
        }
      }
      testID="filtering-1"
    >
      <Text
        style={
          Array [
            Object {
              "color": "#16AA16",
            },
            false,
          ]
        }
      >
        Favorite
      </Text>
    </View>
  </View>
  <RCTScrollView
    ListFooterComponent={<View />}
    data={
      Array [
        Object {
          "body": "quia et suscipit
suscipit recusandae consequuntur expedita et cum
reprehenderit molestiae ut ut quas totam
nostrum rerum est autem sunt rem eveniet architecto",
          "id": 1,
          "title": "sunt aut facere repellat provident occaecati excepturi optio reprehenderit",
          "userId": 1,
        },
        Object {
          "body": "quia et suscipit
suscipit recusandae consequuntur expedita et cum
reprehenderit molestiae ut ut quas totam
nostrum rerum est autem sunt rem eveniet architecto",
          "id": 2,
          "title": "sunt aut facere repellat provident occaecati excepturi optio reprehenderit",
          "userId": 2,
        },
        Object {
          "body": "quia et suscipit
suscipit recusandae consequuntur expedita et cum
reprehenderit molestiae ut ut quas totam
nostrum rerum est autem sunt rem eveniet architecto",
          "id": 3,
          "title": "sunt aut facere repellat provident occaecati excepturi optio reprehenderit",
          "userId": 3,
        },
      ]
    }
    disableVirtualization={false}
    getItem={[Function]}
    getItemCount={[Function]}
    horizontal={false}
    initialNumToRender={5}
    keyExtractor={[Function]}
    maxToRenderPerBatch={10}
    onContentSizeChange={[Function]}
    onEndReachedThreshold={2}
    onLayout={[Function]}
    onMomentumScrollEnd={[Function]}
    onScroll={[Function]}
    onScrollBeginDrag={[Function]}
    onScrollEndDrag={[Function]}
    removeClippedSubviews={true}
    renderItem={[Function]}
    scrollEventThrottle={50}
    stickyHeaderIndices={Array []}
    style={
      Object {
        "width": "100%",
      }
    }
    updateCellsBatchingPeriod={50}
    viewabilityConfigCallbackPairs={Array []}
    windowSize={1}
  >
    <View>
      <View
        onLayout={[Function]}
        style={null}
      >
        <Drawer
          index={0}
          onSwipeableWillOpen={[Function]}
          rightItems={
            Array [
              Object {
                "background": "#D6000C",
                "icon": Object {
                  "testUri": "../../../src/assets/icons/delete.png",
                },
                "onPress": [Function],
                "text": "Delete",
              },
            ]
          }
        >
          <ListItem
            height={75.8}
            onPress={[Function]}
            style={
              Object {
                "alignItems": "center",
                "borderBottomWidth": 0.5,
                "borderColor": "#D7D7D7",
                "height": "100%",
                "justifyContent": "center",
                "paddingHorizontal": 20,
                "width": "100%",
              }
            }
            testID="navigateToPost"
          >
            <View>
              <View
                style={
                  Object {
                    "backgroundColor": "#0E75EE",
                    "borderRadius": 4,
                    "height": 8,
                    "marginHorizontal": 2,
                    "width": 8,
                  }
                }
              />
            </View>
            <View>
              <Image
                accessibilityRole="image"
                accessible={false}
                assetGroup="icons"
                source={
                  Object {
                    "testUri": "../../../src/assets/icons/star.png",
                  }
                }
                style={
                  Array [
                    undefined,
                    undefined,
                    undefined,
                    undefined,
                    undefined,
                    Object {},
                    Object {
                      "tintColor": "#FEE21C",
                    },
                  ]
                }
              />
            </View>
            <View
              style={
                Object {
                  "paddingHorizontal": 17,
                  "width": "90%",
                }
              }
            >
              <View
                style={
                  Object {
                    "marginBottom": 3,
                  }
                }
              >
                <Text
                  color="#20303C"
                  numberOfLines={1}
                  style={
                    Array [
                      Object {
                        "backgroundColor": "transparent",
                        "textAlign": "left",
                      },
                      Object {
                        "fontFamily": "System",
                        "fontSize": 16,
                        "fontWeight": "400",
                        "lineHeight": 24,
                      },
                      Object {
                        "color": "#20303C",
                      },
                      undefined,
                      undefined,
                      Object {},
                      undefined,
                      undefined,
                      Object {
                        "flex": 1,
                        "marginRight": 10,
                      },
                    ]
                  }
                  text70={true}
                >
                  sunt aut facere repellat provident occaecati excepturi optio reprehenderit
                </Text>
              </View>
            </View>
            <View>
              <Image
                accessibilityRole="image"
                accessible={false}
                assetGroup="icons"
                source={
                  Object {
                    "testUri": "../../../src/assets/icons/chevronRight.png",
                  }
                }
                style={
                  Array [
                    undefined,
                    undefined,
                    undefined,
                    undefined,
                    undefined,
                    Object {},
                    Object {
                      "tintColor": "#D7D7D7",
                    },
                  ]
                }
              />
            </View>
          </ListItem>
        </Drawer>
      </View>
      <View
        onLayout={[Function]}
        style={null}
      >
        <Drawer
          index={1}
          onSwipeableWillOpen={[Function]}
          rightItems={
            Array [
              Object {
                "background": "#D6000C",
                "icon": Object {
                  "testUri": "../../../src/assets/icons/delete.png",
                },
                "onPress": [Function],
                "text": "Delete",
              },
            ]
          }
        >
          <ListItem
            height={75.8}
            onPress={[Function]}
            style={
              Object {
                "alignItems": "center",
                "borderBottomWidth": 0.5,
                "borderColor": "#D7D7D7",
                "height": "100%",
                "justifyContent": "center",
                "paddingHorizontal": 20,
                "width": "100%",
              }
            }
            testID="navigateToPost"
          >
            <View>
              <View
                style={
                  Object {
                    "backgroundColor": "#0E75EE",
                    "borderRadius": 4,
                    "height": 8,
                    "marginHorizontal": 2,
                    "width": 8,
                  }
                }
              />
            </View>
            <View>
              <Image
                accessibilityRole="image"
                accessible={false}
                assetGroup="icons"
                source={
                  Object {
                    "testUri": "../../../src/assets/icons/star.png",
                  }
                }
                style={
                  Array [
                    undefined,
                    undefined,
                    undefined,
                    undefined,
                    undefined,
                    Object {},
                    Object {
                      "tintColor": "#FEE21C",
                    },
                  ]
                }
              />
            </View>
            <View
              style={
                Object {
                  "paddingHorizontal": 17,
                  "width": "90%",
                }
              }
            >
              <View
                style={
                  Object {
                    "marginBottom": 3,
                  }
                }
              >
                <Text
                  color="#20303C"
                  numberOfLines={1}
                  style={
                    Array [
                      Object {
                        "backgroundColor": "transparent",
                        "textAlign": "left",
                      },
                      Object {
                        "fontFamily": "System",
                        "fontSize": 16,
                        "fontWeight": "400",
                        "lineHeight": 24,
                      },
                      Object {
                        "color": "#20303C",
                      },
                      undefined,
                      undefined,
                      Object {},
                      undefined,
                      undefined,
                      Object {
                        "flex": 1,
                        "marginRight": 10,
                      },
                    ]
                  }
                  text70={true}
                >
                  sunt aut facere repellat provident occaecati excepturi optio reprehenderit
                </Text>
              </View>
            </View>
            <View>
              <Image
                accessibilityRole="image"
                accessible={false}
                assetGroup="icons"
                source={
                  Object {
                    "testUri": "../../../src/assets/icons/chevronRight.png",
                  }
                }
                style={
                  Array [
                    undefined,
                    undefined,
                    undefined,
                    undefined,
                    undefined,
                    Object {},
                    Object {
                      "tintColor": "#D7D7D7",
                    },
                  ]
                }
              />
            </View>
          </ListItem>
        </Drawer>
      </View>
      <View
        onLayout={[Function]}
        style={null}
      >
        <Drawer
          index={2}
          onSwipeableWillOpen={[Function]}
          rightItems={
            Array [
              Object {
                "background": "#D6000C",
                "icon": Object {
                  "testUri": "../../../src/assets/icons/delete.png",
                },
                "onPress": [Function],
                "text": "Delete",
              },
            ]
          }
        >
          <ListItem
            height={75.8}
            onPress={[Function]}
            style={
              Object {
                "alignItems": "center",
                "borderBottomWidth": 0.5,
                "borderColor": "#D7D7D7",
                "height": "100%",
                "justifyContent": "center",
                "paddingHorizontal": 20,
                "width": "100%",
              }
            }
            testID="navigateToPost"
          >
            <View>
              <View
                style={
                  Object {
                    "backgroundColor": "#0E75EE",
                    "borderRadius": 4,
                    "height": 8,
                    "marginHorizontal": 2,
                    "width": 8,
                  }
                }
              />
            </View>
            <View>
              <Image
                accessibilityRole="image"
                accessible={false}
                assetGroup="icons"
                source={
                  Object {
                    "testUri": "../../../src/assets/icons/star.png",
                  }
                }
                style={
                  Array [
                    undefined,
                    undefined,
                    undefined,
                    undefined,
                    undefined,
                    Object {},
                    Object {
                      "tintColor": "#FEE21C",
                    },
                  ]
                }
              />
            </View>
            <View
              style={
                Object {
                  "paddingHorizontal": 17,
                  "width": "90%",
                }
              }
            >
              <View
                style={
                  Object {
                    "marginBottom": 3,
                  }
                }
              >
                <Text
                  color="#20303C"
                  numberOfLines={1}
                  style={
                    Array [
                      Object {
                        "backgroundColor": "transparent",
                        "textAlign": "left",
                      },
                      Object {
                        "fontFamily": "System",
                        "fontSize": 16,
                        "fontWeight": "400",
                        "lineHeight": 24,
                      },
                      Object {
                        "color": "#20303C",
                      },
                      undefined,
                      undefined,
                      Object {},
                      undefined,
                      undefined,
                      Object {
                        "flex": 1,
                        "marginRight": 10,
                      },
                    ]
                  }
                  text70={true}
                >
                  sunt aut facere repellat provident occaecati excepturi optio reprehenderit
                </Text>
              </View>
            </View>
            <View>
              <Image
                accessibilityRole="image"
                accessible={false}
                assetGroup="icons"
                source={
                  Object {
                    "testUri": "../../../src/assets/icons/chevronRight.png",
                  }
                }
                style={
                  Array [
                    undefined,
                    undefined,
                    undefined,
                    undefined,
                    undefined,
                    Object {},
                    Object {
                      "tintColor": "#D7D7D7",
                    },
                  ]
                }
              />
            </View>
          </ListItem>
        </Drawer>
      </View>
      <View
        onLayout={[Function]}
      >
        <View />
      </View>
    </View>
  </RCTScrollView>
  <View
    style={
      Object {
        "bottom": 0,
        "left": 0,
        "position": "absolute",
        "width": "100%",
      }
    }
  >
    <View
      accessible={true}
      focusable={true}
      onClick={[Function]}
      onResponderGrant={[Function]}
      onResponderMove={[Function]}
      onResponderRelease={[Function]}
      onResponderTerminate={[Function]}
      onResponderTerminationRequest={[Function]}
      onStartShouldSetResponder={[Function]}
      style={
        Object {
          "alignItems": "center",
          "backgroundColor": "#D6000C",
          "height": 80,
          "justifyContent": "center",
          "opacity": 1,
          "width": "100%",
        }
      }
      testID="deleteButton"
    >
      <Text
        style={
          Object {
            "color": "#FFFFFF",
          }
        }
      >
        Delete All
      </Text>
    </View>
  </View>
</View>
`;
