// Jest Snapshot v1, https://goo.gl/fbAQLP

exports[`renders correctly 1`] = `
<Drawer
  index={0}
  onSwipeableWillOpen={[Function]}
>
  <ListItem
    height={75.8}
    onPress={[Function]}
    style={
      Object {
        "alignItems": "center",
        "borderBottomWidth": 0.5,
        "borderColor": "#D7D7D7",
        "justifyContent": "center",
        "paddingHorizontal": 20,
        "width": "100%",
      }
    }
    testID="navigateToPost"
  >
    <View>
      <View
        style={
          Object {
            "backgroundColor": "#0E75EE",
            "borderRadius": 4,
            "height": 8,
            "marginHorizontal": 2,
            "width": 8,
          }
        }
      />
    </View>
    <View>
      <Image
        accessibilityRole="image"
        accessible={false}
        assetGroup="icons"
        source={
          Object {
            "testUri": "../../../src/assets/icons/star.png",
          }
        }
        style={
          Array [
            undefined,
            undefined,
            undefined,
            undefined,
            undefined,
            Object {},
            Object {
              "tintColor": "#FEE21C",
            },
          ]
        }
      />
    </View>
    <View
      style={
        Object {
          "paddingHorizontal": 17,
          "width": "90%",
        }
      }
    >
      <View
        style={
          Object {
            "marginBottom": 3,
          }
        }
      >
        <Text
          color="#20303C"
          numberOfLines={1}
          style={
            Array [
              Object {
                "backgroundColor": "transparent",
                "textAlign": "left",
              },
              Object {
                "fontFamily": "System",
                "fontSize": 16,
                "fontWeight": "400",
                "lineHeight": 24,
              },
              Object {
                "color": "#20303C",
              },
              undefined,
              undefined,
              Object {},
              undefined,
              undefined,
              Object {
                "flex": 1,
                "marginRight": 10,
              },
            ]
          }
          text70={true}
        >
          sunt aut facere repellat provident occaecati excepturi optio reprehenderit
        </Text>
      </View>
    </View>
    <View>
      <Image
        accessibilityRole="image"
        accessible={false}
        assetGroup="icons"
        source={
          Object {
            "testUri": "../../../src/assets/icons/chevronRight.png",
          }
        }
        style={
          Array [
            undefined,
            undefined,
            undefined,
            undefined,
            undefined,
            Object {},
            Object {
              "tintColor": "#D7D7D7",
            },
          ]
        }
      />
    </View>
  </ListItem>
</Drawer>
`;
