// Jest Snapshot v1, https://goo.gl/fbAQLP

exports[`renders correctly 1`] = `
<View
  style={
    Object {
      "bottom": 0,
      "left": 0,
      "position": "absolute",
      "width": "100%",
    }
  }
>
  <View
    accessible={true}
    focusable={true}
    onClick={[Function]}
    onResponderGrant={[Function]}
    onResponderMove={[Function]}
    onResponderRelease={[Function]}
    onResponderTerminate={[Function]}
    onResponderTerminationRequest={[Function]}
    onStartShouldSetResponder={[Function]}
    style={
      Object {
        "alignItems": "center",
        "backgroundColor": "#D6000C",
        "height": 80,
        "justifyContent": "center",
        "opacity": 1,
        "width": "100%",
      }
    }
    testID="deleteButton"
  >
    <Text
      style={
        Object {
          "color": "#FFFFFF",
        }
      }
    >
      Delete All
    </Text>
  </View>
</View>
`;
