// Jest Snapshot v1, https://goo.gl/fbAQLP

exports[`renders correctly 1`] = `
<RCTScrollView
  style={
    Object {
      "backgroundColor": "#FFFFFF",
      "flex": 1,
    }
  }
>
  <View>
    <View
      style={
        Object {
          "justifyContent": "flex-start",
        }
      }
    >
      <Text
        style={
          Object {
            "fontWeight": "bold",
            "paddingLeft": 20,
            "paddingVertical": 6,
            "width": "100%",
          }
        }
      >
        Description
      </Text>
      <Text
        style={
          Object {
            "paddingHorizontal": 20,
            "paddingVertical": 6,
            "textAlign": "justify",
            "width": "100%",
          }
        }
      >
        post body
      </Text>
      <Text
        style={
          Object {
            "fontWeight": "bold",
            "paddingLeft": 20,
            "paddingVertical": 6,
            "width": "100%",
          }
        }
      >
        User
      </Text>
      <Text
        style={
          Object {
            "paddingHorizontal": 20,
            "paddingVertical": 6,
            "textAlign": "justify",
            "width": "100%",
          }
        }
      />
      <Text
        style={
          Object {
            "paddingHorizontal": 20,
            "paddingVertical": 6,
            "textAlign": "justify",
            "width": "100%",
          }
        }
      />
      <Text
        style={
          Object {
            "paddingHorizontal": 20,
            "paddingVertical": 6,
            "textAlign": "justify",
            "width": "100%",
          }
        }
      />
      <Text
        style={
          Object {
            "paddingHorizontal": 20,
            "paddingVertical": 6,
            "textAlign": "justify",
            "width": "100%",
          }
        }
      />
      <Text>
        Loading...
      </Text>
    </View>
  </View>
</RCTScrollView>
`;
